// Vitest Snapshot v1, https://vitest.dev/guide/snapshot.html

exports[`PermalinksSettingsPage > matches the brand snapshot 1`] = `
<form
  class="settings-form"
  novalidate=""
>
  <section
    class="settings-section"
  >
    <header
      class="settings-section__head"
    >
      <h2
        class="settings-section__title"
      >
        Custom structure
      </h2>
      <p
        class="settings-section__sub"
      >
        Compose the URL template directly with tokens.
      </p>
    </header>
    <div
      class="settings-form__fields"
    >
      <div
        class="form-field form-field--mono"
      >
        <label
          class="font-sans text-xs font-medium leading-[1.4] text-fg-subtle peer-disabled:cursor-not-allowed peer-disabled:opacity-70"
          for="setting-core-permalinks-format"
        >
          Custom structure
        </label>
        <input
          aria-describedby="setting-core-permalinks-format-help"
          class="flex h-9 w-full rounded-md border border-border bg-paper-3 px-3 py-1.5 font-sans text-sm leading-none text-ink placeholder:text-fg-faint transition-shadow duration-[160ms] ease-brand hover:border-border-strong focus-visible:outline-none focus-visible:border-emerald focus-visible:shadow-focus disabled:cursor-not-allowed disabled:opacity-50 file:border-0 file:bg-transparent file:text-sm file:font-medium file:text-ink"
          id="setting-core-permalinks-format"
          placeholder="/%year%/%monthnum%/%postname%"
          type="text"
          value="/%year%/%monthnum%/%postname%"
        />
        <p
          class="form-field__help"
          id="setting-core-permalinks-format-help"
        >
          Tokens: %year%, %monthnum%, %day%, %postname%, %category%, %author%.
        </p>
      </div>
    </div>
  </section>
  <section
    class="settings-section"
  >
    <header
      class="settings-section__head"
    >
      <h2
        class="settings-section__title"
      >
        Structure presets
      </h2>
      <p
        class="settings-section__sub"
      >
        Pick a common format. The custom structure above updates to match.
      </p>
    </header>
    <fieldset
      class="permalinks-presets"
      data-testid="permalinks-presets"
    >
      <legend
        class="sr-only"
      >
        Permalink structure preset
      </legend>
      <label
        class="permalinks-preset"
        for="_r_4_-plain"
      >
        <input
          class="permalinks-preset__radio"
          id="_r_4_-plain"
          name="_r_4_-preset"
          type="radio"
          value="plain"
        />
        <span
          class="permalinks-preset__body"
        >
          <span
            class="permalinks-preset__label"
          >
            Plain
          </span>
          <code
            class="permalinks-preset__url"
          >
            /?p=123
          </code>
        </span>
      </label>
      <label
        class="permalinks-preset"
        for="_r_4_-day"
      >
        <input
          class="permalinks-preset__radio"
          id="_r_4_-day"
          name="_r_4_-preset"
          type="radio"
          value="day"
        />
        <span
          class="permalinks-preset__body"
        >
          <span
            class="permalinks-preset__label"
          >
            Day and name
          </span>
          <code
            class="permalinks-preset__url"
          >
            /2026/05/17/hello-world
          </code>
        </span>
      </label>
      <label
        class="permalinks-preset"
        data-active="true"
        for="_r_4_-month"
      >
        <input
          checked=""
          class="permalinks-preset__radio"
          id="_r_4_-month"
          name="_r_4_-preset"
          type="radio"
          value="month"
        />
        <span
          class="permalinks-preset__body"
        >
          <span
            class="permalinks-preset__label"
          >
            Month and name
          </span>
          <code
            class="permalinks-preset__url"
          >
            /2026/05/hello-world
          </code>
        </span>
      </label>
      <label
        class="permalinks-preset"
        for="_r_4_-numeric"
      >
        <input
          class="permalinks-preset__radio"
          id="_r_4_-numeric"
          name="_r_4_-preset"
          type="radio"
          value="numeric"
        />
        <span
          class="permalinks-preset__body"
        >
          <span
            class="permalinks-preset__label"
          >
            Numeric
          </span>
          <code
            class="permalinks-preset__url"
          >
            /archives/123
          </code>
        </span>
      </label>
      <label
        class="permalinks-preset"
        for="_r_4_-name"
      >
        <input
          class="permalinks-preset__radio"
          id="_r_4_-name"
          name="_r_4_-preset"
          type="radio"
          value="name"
        />
        <span
          class="permalinks-preset__body"
        >
          <span
            class="permalinks-preset__label"
          >
            Post name
          </span>
          <code
            class="permalinks-preset__url"
          >
            /hello-world
          </code>
        </span>
      </label>
    </fieldset>
  </section>
  <div
    aria-live="polite"
    class="permalinks-preview"
  >
    <strong>
      Preview
    </strong>
    <code
      data-testid="permalinks-preview"
    >
      /2026/05/hello-world
    </code>
  </div>
  <div
    class="settings-form__actions"
  >
    <button
      class="inline-flex items-center justify-center gap-[6px] whitespace-nowrap rounded-md font-display font-bold transition-shadow duration-[160ms] ease-brand focus-visible:outline-none focus-visible:shadow-focus disabled:pointer-events-none disabled:opacity-50 bg-emerald text-emerald-ink border border-emerald shadow-xs hover:bg-emerald-deep hover:text-paper hover:border-emerald-deep px-5 py-3 text-base btn-primary"
      type="submit"
    >
      Save changes
    </button>
  </div>
</form>
`;
